[2026-09-04T09:39:06.578Z] GET http://localhost:8080/index.html → 200 (6ms, 4817B)
[2026-09-04T09:39:06.593Z] GET https://fonts.googleapis.com/css2?family=Anton&family=Archivo:ital,wght@0,400;0,500;0,600;0,700;0,800;1,400&display=swap → pending (?ms, ?B)
[2026-09-04T09:39:06.593Z] GET http://localhost:8080/styles.css?v=50 → 200 (6ms, 14117B)
[2026-09-04T09:39:06.593Z] GET http://localhost:8080/assets/images/Logo/WFI%20-%20Horz%20Transp%20White.png → 200 (3ms, 170417B)
[2026-09-04T09:39:06.594Z] GET http://localhost:8080/assets/images/Logo/WFI%20-%20Horz%20Transp%20Black.png → 200 (7ms, 128178B)
[2026-09-04T09:39:06.595Z] GET http://localhost:8080/script.js?v=15 → 200 (8ms, 6088B)
[2026-09-04T09:39:10.202Z] GET https://fonts.gstatic.com/s/archivo/v25/k3kPo8UDI-1M0wlSV9XAw6lQkqWY8Q82sLydOxI.woff2 → 200 (815ms, 35478B)
[2026-09-04T09:39:10.202Z] GET https://fonts.gstatic.com/s/anton/v27/1Ptgg87LROyAm3Kz-C8.woff2 → 200 (909ms, 18741B)
[2026-09-04T09:39:10.209Z] GET http://localhost:8080/data/articles.json → 200 (70ms, 172982B)
[2026-09-04T09:39:10.540Z] GET https://picsum.photos/seed/wire1/1200/900 → pending (?ms, ?B)
[2026-09-04T09:39:10.544Z] GET https://picsum.photos/seed/wire6/1200/900 → pending (?ms, ?B)
[2026-09-04T09:39:10.547Z] GET https://picsum.photos/seed/wire13/1200/900 → pending (?ms, ?B)
[2026-09-04T09:39:10.548Z] GET https://picsum.photos/seed/wire19/1200/900 → pending (?ms, ?B)
[2026-09-04T09:39:10.562Z] GET https://picsum.photos/seed/wire20/1200/900 → pending (?ms, ?B)
[2026-09-04T09:39:10.562Z] GET https://picsum.photos/seed/wire21/1200/900 → pending (?ms, ?B)
[2026-09-04T09:39:10.562Z] GET https://picsum.photos/seed/wire2/1200/900 → pending (?ms, ?B)
[2026-09-04T09:39:10.562Z] GET https://picsum.photos/seed/wire10/1200/900 → pending (?ms, ?B)
[2026-09-04T09:39:10.562Z] GET https://picsum.photos/seed/wire16/1200/900 → pending (?ms, ?B)
[2026-09-04T09:39:10.563Z] GET https://picsum.photos/seed/wire38/1200/900 → pending (?ms, ?B)
[2026-09-04T09:39:10.563Z] GET https://picsum.photos/seed/wire39/1200/900 → pending (?ms, ?B)
[2026-09-04T09:39:10.563Z] GET https://picsum.photos/seed/wire40/1200/900 → pending (?ms, ?B)
[2026-09-04T09:39:10.563Z] GET https://picsum.photos/seed/wire3/1200/900 → pending (?ms, ?B)
[2026-09-04T09:39:10.563Z] GET https://picsum.photos/seed/wire15/1200/900 → pending (?ms, ?B)
[2026-09-04T09:39:10.563Z] GET https://picsum.photos/seed/wire29/1200/900 → pending (?ms, ?B)
[2026-09-04T09:39:10.563Z] GET https://picsum.photos/seed/wire30/1200/900 → pending (?ms, ?B)
[2026-09-04T09:39:10.563Z] GET https://picsum.photos/seed/wire31/1200/900 → pending (?ms, ?B)
[2026-09-04T09:39:10.563Z] GET https://picsum.photos/seed/wire32/1200/900 → pending (?ms, ?B)
[2026-09-04T09:39:10.564Z] GET https://picsum.photos/seed/wire4/1200/900 → pending (?ms, ?B)
[2026-09-04T09:39:10.564Z] GET https://picsum.photos/seed/wire5/1200/900 → pending (?ms, ?B)
[2026-09-04T09:39:10.564Z] GET https://picsum.photos/seed/wire47/1200/900 → pending (?ms, ?B)
[2026-09-04T09:39:10.564Z] GET https://picsum.photos/seed/wire48/1200/900 → pending (?ms, ?B)
[2026-09-04T09:39:10.564Z] GET https://picsum.photos/seed/wire49/1200/900 → pending (?ms, ?B)
[2026-09-04T09:39:10.564Z] GET https://picsum.photos/seed/wire50/1200/900 → pending (?ms, ?B)
[2026-09-04T09:39:10.564Z] GET https://picsum.photos/seed/wire7/1200/900 → pending (?ms, ?B)
[2026-09-04T09:39:10.564Z] GET https://picsum.photos/seed/wire8/1200/900 → pending (?ms, ?B)
[2026-09-04T09:39:10.564Z] GET https://picsum.photos/seed/wire63/1200/900 → pending (?ms, ?B)
[2026-09-04T09:39:10.564Z] GET https://picsum.photos/seed/wire64/1200/900 → pending (?ms, ?B)
[2026-09-04T09:39:10.565Z] GET https://picsum.photos/seed/wire65/1200/900 → pending (?ms, ?B)
[2026-09-04T09:39:10.565Z] GET https://picsum.photos/seed/wire66/1200/900 → pending (?ms, ?B)
[2026-09-04T09:39:10.565Z] GET https://picsum.photos/seed/wire9/1200/900 → pending (?ms, ?B)
[2026-09-04T09:39:10.565Z] GET https://picsum.photos/seed/wire17/1200/900 → pending (?ms, ?B)
[2026-09-04T09:39:10.565Z] GET https://picsum.photos/seed/wire55/1200/900 → pending (?ms, ?B)
[2026-09-04T09:39:10.565Z] GET https://picsum.photos/seed/wire56/1200/900 → pending (?ms, ?B)
[2026-09-04T09:39:10.565Z] GET https://picsum.photos/seed/wire57/1200/900 → pending (?ms, ?B)
[2026-09-04T09:39:10.565Z] GET https://picsum.photos/seed/wire58/1200/900 → pending (?ms, ?B)
[2026-09-04T09:39:10.566Z] GET https://picsum.photos/seed/wire11/1200/900 → pending (?ms, ?B)
[2026-09-04T09:39:10.566Z] GET https://picsum.photos/seed/wire18/1200/900 → pending (?ms, ?B)
[2026-09-04T09:39:10.566Z] GET https://picsum.photos/seed/wire77/1200/900 → pending (?ms, ?B)
[2026-09-04T09:39:10.566Z] GET https://picsum.photos/seed/wire78/1200/900 → pending (?ms, ?B)
[2026-09-04T09:39:10.566Z] GET https://picsum.photos/seed/wire79/1200/900 → pending (?ms, ?B)
[2026-09-04T09:39:10.566Z] GET https://picsum.photos/seed/wire80/1200/900 → pending (?ms, ?B)
[2026-09-04T09:39:10.566Z] GET https://picsum.photos/seed/wire12/1200/900 → pending (?ms, ?B)
[2026-09-04T09:39:10.566Z] GET https://picsum.photos/seed/wire14/1200/900 → pending (?ms, ?B)
[2026-09-04T09:39:10.566Z] GET https://picsum.photos/seed/wire70/1200/900 → pending (?ms, ?B)
[2026-09-04T09:39:10.567Z] GET https://picsum.photos/seed/wire71/1200/900 → pending (?ms, ?B)
[2026-09-04T09:39:10.567Z] GET https://picsum.photos/seed/wire72/1200/900 → pending (?ms, ?B)
[2026-09-04T09:39:10.567Z] GET https://picsum.photos/seed/wire73/1200/900 → pending (?ms, ?B)
[2026-09-04T09:39:11.218Z] GET https://fastly.picsum.photos/id/127/1200/900.jpg?hmac=XrjdQI8itPZiXzIMe7quAdeuHcIodxdmc_AiMvzY6_s → pending (?ms, ?B)
[2026-09-04T09:39:11.219Z] GET https://fastly.picsum.photos/id/398/1200/900.jpg?hmac=eiAS0HrWT-UGETLJXI9TPVOKHRQEIcu43g2ffqK54O0 → pending (?ms, ?B)
[2026-09-04T09:39:11.220Z] GET https://fastly.picsum.photos/id/187/1200/900.jpg?hmac=TSAEJDZwYXjZLHeGKSayfuc0Np_uoi_rJ7px9-OdzRs → pending (?ms, ?B)
[2026-09-04T09:39:11.224Z] GET https://fastly.picsum.photos/id/4/1200/900.jpg?hmac=TE_jHwh0G3dy6Ap1fswjRx1sddMDUomKg95Uz9pinic → pending (?ms, ?B)
[2026-09-04T09:39:11.226Z] GET https://fastly.picsum.photos/id/1061/1200/900.jpg?hmac=w69Dw-CVXVBZq2zqBMQydliQAMDxzTJhDQY__RU98Nk → 200 (665ms, ?B)
[2026-09-04T09:39:11.227Z] GET https://fastly.picsum.photos/id/433/1200/900.jpg?hmac=fMSPzcy21aW05Ymt29cPxcyTNMvMjvmbbShlvR96XlA → 200 (642ms, 135771B)
[2026-09-04T09:39:11.238Z] GET https://fastly.picsum.photos/id/445/1200/900.jpg?hmac=EzuZomST4jwFHlGzCQxmvK7ABBUpxLy92M6X3YAmRlk → pending (?ms, ?B)
[2026-09-04T09:39:11.241Z] GET https://fastly.picsum.photos/id/785/1200/900.jpg?hmac=9HNxmndRBb7NLtUkbniKHVC5CjkXqn7Fj9JzWJ60968 → pending (?ms, ?B)
[2026-09-04T09:39:11.242Z] GET https://fastly.picsum.photos/id/693/1200/900.jpg?hmac=yLfjePT6jradZk9Wb3NEqm4pPHMPsFLnrDW1GDWyzAo → pending (?ms, ?B)
[2026-09-04T09:39:11.247Z] GET https://fastly.picsum.photos/id/562/1200/900.jpg?hmac=1crzZS8sSfE101eI-JdvhS9Ds89EMGYkS6WdsCtU_VY → pending (?ms, ?B)
[2026-09-04T09:39:11.250Z] GET https://fastly.picsum.photos/id/504/1200/900.jpg?hmac=N4pM3p5Q2kPQh6q9guhi4Q4lhU78SAa_NxHQlriWaGc → pending (?ms, ?B)
[2026-09-04T09:39:11.253Z] GET https://fastly.picsum.photos/id/218/1200/900.jpg?hmac=I8wtb63NZY6Kd8gvcbYnAM0JYmRTxDj4eKkqObdcLpI → pending (?ms, ?B)
[2026-09-04T09:39:11.254Z] GET https://fastly.picsum.photos/id/220/1200/900.jpg?hmac=-8JTwyr0SLAMtdOuy-yIUn6EfolAvfAJvYTpSue2PZY → pending (?ms, ?B)
[2026-09-04T09:39:11.256Z] GET https://fastly.picsum.photos/id/216/1200/900.jpg?hmac=y_FktCd06xrU15t8d15o9CdNl2CC6ALJmBEvOGqmZcY → pending (?ms, ?B)
[2026-09-04T09:39:11.286Z] GET https://fastly.picsum.photos/id/384/1200/900.jpg?hmac=9CJNauMZ1WgN-dW4dRLxioBr9tRRz2K4OodefQuHDvo → 200 (590ms, ?B)
[2026-09-04T09:39:11.290Z] GET https://fastly.picsum.photos/id/227/1200/900.jpg?hmac=zE2sc_0VBzZsNwZ56ZBjs6buTkwKiVdUEUkaASPi_xE → 200 (360ms, 204821B)
[2026-09-04T09:39:11.290Z] GET https://fastly.picsum.photos/id/1041/1200/900.jpg?hmac=yIoeCvlqDKJEKZPDx669nGETpHFMnZHmNSO3U06YXJ0 → pending (?ms, ?B)
[2026-09-04T09:39:11.295Z] GET https://fastly.picsum.photos/id/44/1200/900.jpg?hmac=wzRcH15Xo5h8uCkNhZ03yfukW5wnZPJiv92SgHmRfe0 → pending (?ms, ?B)
[2026-09-04T09:39:11.296Z] GET https://fastly.picsum.photos/id/192/1200/900.jpg?hmac=t4ERnwc-PVekvAIUHqV0oW0tCSTg_s4Nke3Jlry5wUc → pending (?ms, ?B)
[2026-09-04T09:39:11.298Z] GET https://fastly.picsum.photos/id/672/1200/900.jpg?hmac=7j4BMlg3Kwl2yUHkz2hjUXUqhBLcnMCZR9P-Q6tWpD4 → pending (?ms, ?B)
[2026-09-04T09:39:11.300Z] GET https://fastly.picsum.photos/id/221/1200/900.jpg?hmac=jOuKq45IK_01u3mqDS92z5hzMv1bqMmFqi8J6-FVudM → pending (?ms, ?B)
[2026-09-04T09:39:11.305Z] GET https://fastly.picsum.photos/id/6/1200/900.jpg?hmac=D-tf3lPp5VWwQIgbpV3XoqjzNpnHrbDgHTMnB95BvIs → pending (?ms, ?B)
[2026-09-04T09:39:11.307Z] GET https://fastly.picsum.photos/id/122/1200/900.jpg?hmac=iXRIaH1lqLDU3KjtsRVlpk0qVXCq2bw5Td2eqaIeHRM → pending (?ms, ?B)
[2026-09-04T09:39:11.310Z] GET https://fastly.picsum.photos/id/943/1200/900.jpg?hmac=jF7032FZPUHeRJ5A6eHl7qUW9bK-bhny6W0276iN9tM → 200 (340ms, 32343B)
[2026-09-04T09:39:11.311Z] GET https://fastly.picsum.photos/id/413/1200/900.jpg?hmac=yXfIWzk-9SqW27CqNnYfz2LvYVoJlbm2POmkGHvJLyU → pending (?ms, ?B)
[2026-09-04T09:39:11.331Z] GET https://fastly.picsum.photos/id/996/1200/900.jpg?hmac=-4bdOtR_K6j7jjtCpGUkgpQs1H8eXkcOxtTzi1arGYw → pending (?ms, ?B)
[2026-09-04T09:39:11.332Z] GET https://fastly.picsum.photos/id/1015/1200/900.jpg?hmac=jxeBYY7hHEIE-Tg8oQfnmX8RuCi1vP5PQcV9uIkiAiw → pending (?ms, ?B)
[2026-09-04T09:39:11.336Z] GET https://fastly.picsum.photos/id/796/1200/900.jpg?hmac=DSVG3I31fq5mkPcK7PdDv9IktJoFtYCC37D3IOZlw2c → 200 (565ms, ?B)
[2026-09-04T09:39:11.342Z] GET https://fastly.picsum.photos/id/123/1200/900.jpg?hmac=mMB0H7KprUhMtaSzWkW1HMrnlAorR9AEckqiVRw9hcQ → pending (?ms, ?B)
[2026-09-04T09:39:11.343Z] GET https://fastly.picsum.photos/id/384/1200/900.jpg?hmac=9CJNauMZ1WgN-dW4dRLxioBr9tRRz2K4OodefQuHDvo → 200 (533ms, ?B)
[2026-09-04T09:39:11.344Z] GET https://fastly.picsum.photos/id/344/1200/900.jpg?hmac=zbIp5pnv0Q5STPAMeugTfE-fz5b_l2N4BmZO_-X5iUQ → pending (?ms, ?B)
[2026-09-04T09:39:11.344Z] GET https://fastly.picsum.photos/id/689/1200/900.jpg?hmac=BPqngFroHpNb7VisPlgo3Ap51Wyi8jTEYt-AdtxCZVc → pending (?ms, ?B)
[2026-09-04T09:39:11.348Z] GET https://fastly.picsum.photos/id/494/1200/900.jpg?hmac=Krsr7JBUME83qr6j1_CqRuoCcuCvikHlBvU7SIXWDLM → 200 (512ms, 97290B)
[2026-09-04T09:39:11.348Z] GET https://fastly.picsum.photos/id/999/1200/900.jpg?hmac=YuxisDzmWF0gbLosR1B4EhJxe1bQTgXa8lT6ds5_wz8 → pending (?ms, ?B)
[2026-09-04T09:39:11.349Z] GET https://fastly.picsum.photos/id/922/1200/900.jpg?hmac=DHZRHNA48u8nHCixBEz3Znz3fTu6EZ3VhRn5P0sZeH4 → pending (?ms, ?B)
[2026-09-04T09:39:11.417Z] GET https://fastly.picsum.photos/id/46/1200/900.jpg?hmac=VYcbb-R3RBn2Ee-13LOHI7jgujusH2DjgsV60tHfDYs → 200 (475ms, ?B)
[2026-09-04T09:39:11.419Z] GET https://fastly.picsum.photos/id/457/1200/900.jpg?hmac=qLOwRzcw2bRs_yK8JjSVKX_fpDm-7lIPuUSLCPVDmug → pending (?ms, ?B)
[2026-09-04T09:39:11.422Z] GET https://fastly.picsum.photos/id/896/1200/900.jpg?hmac=yRdnoChvokXyTIAG2SDkoeganFsO6LOfUOjq0nXhjZY → pending (?ms, ?B)
[2026-09-04T09:39:11.428Z] GET https://fastly.picsum.photos/id/879/1200/900.jpg?hmac=Hb4sjpUqD7et1OjB4qSxoNI4GLF0JaVQWlkqlCboR7M → pending (?ms, ?B)
[2026-09-04T09:39:11.432Z] GET https://fastly.picsum.photos/id/73/1200/900.jpg?hmac=kEexQ9_DUAqdXVrRTr647_2zvHs_WJq8b_em4nk5rbg → pending (?ms, ?B)
[2026-09-04T09:39:11.433Z] GET https://fastly.picsum.photos/id/723/1200/900.jpg?hmac=MikFllBzL9VAMlsgRWIZGjQGTrkdnQ0AT3ncetmMmuQ → pending (?ms, ?B)
[2026-09-04T09:39:11.434Z] GET https://fastly.picsum.photos/id/527/1200/900.jpg?hmac=L6P6q0YGXL53xF6zYamL-wdQoEk7L4jYAc_7IMxqG80 → pending (?ms, ?B)
[2026-09-04T09:39:11.452Z] GET https://fastly.picsum.photos/id/820/1200/900.jpg?hmac=mLdqKDj7fzZE5WGEp6I9LMU-DN2JOx713y_Q3OqwyHo → pending (?ms, ?B)
[2026-09-04T09:39:11.456Z] GET https://fastly.picsum.photos/id/944/1200/900.jpg?hmac=u4AF_cFwHc_R6blezf-8UcloKQYoun1GYWpZFBbmeFs → pending (?ms, ?B)
[2026-09-04T09:39:11.460Z] GET https://fastly.picsum.photos/id/1078/1200/900.jpg?hmac=mfkLg4S-cKiiqo1nglVimaearKbS-ZNzpPgy6pn9xUc → 200 (442ms, ?B)
[2026-09-04T09:39:11.461Z] GET https://fastly.picsum.photos/id/985/1200/900.jpg?hmac=NsGf62eAgUE2G1F0UUixkeMfTeBxrDm3PznRHolF7uQ → pending (?ms, ?B)
[2026-09-04T09:39:11.466Z] GET https://fastly.picsum.photos/id/546/1200/900.jpg?hmac=_M49gOfcmP5xJZ4Rn64XnU3VvfySWel6GLDg0Fz9_ls → pending (?ms, ?B)
[2026-09-04T09:39:11.466Z] GET https://fastly.picsum.photos/id/401/1200/900.jpg?hmac=XQcvw1IR1KcsRRewl9VwLn911VTkjetYpWlgS8Q75n4 → pending (?ms, ?B)
[2026-09-04T09:42:19.371Z] GET http://localhost:8080/index.html → 200 (43ms, 4817B)
[2026-09-04T09:42:19.432Z] GET https://fonts.googleapis.com/css2?family=Anton&family=Archivo:ital,wght@0,400;0,500;0,600;0,700;0,800;1,400&display=swap → 200 (?ms, -743B)
[2026-09-04T09:42:19.437Z] GET http://localhost:8080/styles.css?v=51 → 200 (1ms, 14180B)
[2026-09-04T09:42:19.437Z] GET http://localhost:8080/assets/images/Logo/WFI%20-%20Horz%20Transp%20White.png → 200 (?ms, -189B)
[2026-09-04T09:42:19.437Z] GET http://localhost:8080/assets/images/Logo/WFI%20-%20Horz%20Transp%20Black.png → 200 (?ms, -189B)
[2026-09-04T09:42:19.438Z] GET http://localhost:8080/script.js?v=15 → 200 (?ms, -193B)
[2026-09-04T09:42:19.440Z] GET http://localhost:8080/data/articles.json → 200 (10ms, -196B)
[2026-09-04T09:42:19.444Z] GET https://fonts.gstatic.com/s/anton/v27/1Ptgg87LROyAm3Kz-C8.woff2 → 200 (2ms, -802B)
[2026-09-04T09:42:19.446Z] GET https://fonts.gstatic.com/s/archivo/v25/k3kPo8UDI-1M0wlSV9XAw6lQkqWY8Q82sLydOxI.woff2 → 200 (?ms, -815B)
[2026-09-04T09:42:19.530Z] GET https://picsum.photos/seed/wire1/1200/900 → 200 (?ms, -485B)
[2026-09-04T09:42:19.536Z] GET https://picsum.photos/seed/wire6/1200/900 → 200 (?ms, -485B)
[2026-09-04T09:42:19.536Z] GET https://picsum.photos/seed/wire13/1200/900 → 200 (1ms, -488B)
[2026-09-04T09:42:19.537Z] GET https://picsum.photos/seed/wire19/1200/900 → 200 (?ms, -485B)
[2026-09-04T09:42:19.538Z] GET https://picsum.photos/seed/wire20/1200/900 → 200 (?ms, -480B)
[2026-09-04T09:42:19.539Z] GET https://picsum.photos/seed/wire21/1200/900 → 200 (?ms, -485B)
[2026-09-04T09:42:19.539Z] GET https://picsum.photos/seed/wire2/1200/900 → 200 (?ms, -485B)
[2026-09-04T09:42:19.560Z] GET https://picsum.photos/seed/wire10/1200/900 → 200 (?ms, -484B)
[2026-09-04T09:42:19.560Z] GET https://picsum.photos/seed/wire16/1200/900 → 200 (1ms, -484B)
[2026-09-04T09:42:19.561Z] GET https://picsum.photos/seed/wire38/1200/900 → 200 (?ms, -485B)
[2026-09-04T09:42:19.562Z] GET https://picsum.photos/seed/wire39/1200/900 → 200 (?ms, -484B)
[2026-09-04T09:42:19.563Z] GET https://picsum.photos/seed/wire40/1200/900 → 200 (?ms, -485B)
[2026-09-04T09:42:19.563Z] GET https://picsum.photos/seed/wire3/1200/900 → 200 (1ms, -484B)
[2026-09-04T09:42:19.564Z] GET https://picsum.photos/seed/wire15/1200/900 → 200 (?ms, -485B)
[2026-09-04T09:42:19.565Z] GET https://picsum.photos/seed/wire29/1200/900 → 200 (1ms, -486B)
[2026-09-04T09:42:19.566Z] GET https://picsum.photos/seed/wire30/1200/900 → 200 (?ms, -486B)
[2026-09-04T09:42:19.566Z] GET https://picsum.photos/seed/wire31/1200/900 → 200 (1ms, -488B)
[2026-09-04T09:42:19.567Z] GET https://picsum.photos/seed/wire32/1200/900 → 200 (?ms, -485B)
[2026-09-04T09:42:19.567Z] GET https://picsum.photos/seed/wire4/1200/900 → 200 (?ms, -482B)
[2026-09-04T09:42:19.568Z] GET https://picsum.photos/seed/wire5/1200/900 → 200 (?ms, -484B)
[2026-09-04T09:42:19.568Z] GET https://picsum.photos/seed/wire47/1200/900 → 200 (2ms, -485B)
[2026-09-04T09:42:19.570Z] GET https://picsum.photos/seed/wire48/1200/900 → 200 (?ms, -483B)
[2026-09-04T09:42:19.571Z] GET https://picsum.photos/seed/wire49/1200/900 → 200 (?ms, -479B)
[2026-09-04T09:42:19.571Z] GET https://picsum.photos/seed/wire50/1200/900 → 200 (?ms, -484B)
[2026-09-04T09:42:19.572Z] GET https://picsum.photos/seed/wire7/1200/900 → 200 (?ms, -485B)
[2026-09-04T09:42:19.572Z] GET https://picsum.photos/seed/wire8/1200/900 → 200 (1ms, -485B)
[2026-09-04T09:42:19.573Z] GET https://picsum.photos/seed/wire63/1200/900 → 200 (?ms, -487B)
[2026-09-04T09:42:19.574Z] GET https://picsum.photos/seed/wire64/1200/900 → 200 (?ms, -482B)
[2026-09-04T09:42:19.574Z] GET https://picsum.photos/seed/wire65/1200/900 → 200 (?ms, -484B)
[2026-09-04T09:42:19.575Z] GET https://picsum.photos/seed/wire66/1200/900 → 200 (?ms, -484B)
[2026-09-04T09:42:19.575Z] GET https://picsum.photos/seed/wire9/1200/900 → 200 (?ms, -485B)
[2026-09-04T09:42:19.576Z] GET https://picsum.photos/seed/wire17/1200/900 → 200 (?ms, -486B)
[2026-09-04T09:42:19.576Z] GET https://picsum.photos/seed/wire55/1200/900 → 200 (?ms, -484B)
[2026-09-04T09:42:19.577Z] GET https://picsum.photos/seed/wire56/1200/900 → 200 (?ms, -487B)
[2026-09-04T09:42:19.577Z] GET https://picsum.photos/seed/wire57/1200/900 → 200 (1ms, -485B)
[2026-09-04T09:42:19.578Z] GET https://picsum.photos/seed/wire58/1200/900 → 200 (?ms, -483B)
[2026-09-04T09:42:19.579Z] GET https://picsum.photos/seed/wire11/1200/900 → 200 (?ms, -484B)
[2026-09-04T09:42:19.579Z] GET https://picsum.photos/seed/wire18/1200/900 → 200 (?ms, -484B)
[2026-09-04T09:42:19.580Z] GET https://picsum.photos/seed/wire77/1200/900 → 200 (?ms, -485B)
[2026-09-04T09:42:19.580Z] GET https://picsum.photos/seed/wire78/1200/900 → 200 (?ms, -486B)
[2026-09-04T09:42:19.581Z] GET https://picsum.photos/seed/wire79/1200/900 → 200 (?ms, -484B)
[2026-09-04T09:42:19.583Z] GET https://picsum.photos/seed/wire80/1200/900 → 200 (?ms, -484B)
[2026-09-04T09:42:19.583Z] GET https://picsum.photos/seed/wire12/1200/900 → 200 (?ms, -484B)
[2026-09-04T09:42:19.588Z] GET https://picsum.photos/seed/wire14/1200/900 → 200 (?ms, -484B)
[2026-09-04T09:42:19.588Z] GET https://picsum.photos/seed/wire70/1200/900 → 200 (?ms, -484B)
[2026-09-04T09:42:19.588Z] GET https://picsum.photos/seed/wire71/1200/900 → 200 (?ms, -482B)
[2026-09-04T09:42:19.589Z] GET https://picsum.photos/seed/wire72/1200/900 → 200 (?ms, -485B)
[2026-09-04T09:42:19.589Z] GET https://picsum.photos/seed/wire73/1200/900 → 200 (?ms, -484B)
[2026-09-04T09:43:14.480Z] GET http://localhost:8080/category.html?cat=News → 200 (7ms, 4194B)
[2026-09-04T09:43:14.503Z] GET https://fonts.googleapis.com/css2?family=Anton&family=Archivo:ital,wght@0,400;0,500;0,600;0,700;0,800;1,400&display=swap → 200 (6ms, -743B)
[2026-09-04T09:43:14.509Z] GET http://localhost:8080/styles.css?v=51 → 304 (5ms, ?B)
[2026-09-04T09:43:14.509Z] GET http://localhost:8080/category.css?v=8 → 200 (5ms, 1288B)
[2026-09-04T09:43:14.509Z] GET http://localhost:8080/assets/images/Logo/WFI%20-%20Horz%20Transp%20Black.png → 200 (1ms, -189B)
[2026-09-04T09:43:14.510Z] GET http://localhost:8080/assets/images/Logo/WFI%20-%20Horz%20Transp%20White.png → 200 (?ms, -189B)
[2026-09-04T09:43:14.511Z] GET http://localhost:8080/script.js?v=15 → 200 (?ms, -193B)
[2026-09-04T09:43:14.513Z] GET http://localhost:8080/category.js?v=9 → 200 (2ms, 3912B)
[2026-09-04T09:43:14.525Z] GET https://fonts.gstatic.com/s/anton/v27/1Ptgg87LROyAm3Kz-C8.woff2 → 200 (?ms, -802B)
[2026-09-04T09:43:14.526Z] GET https://fonts.gstatic.com/s/archivo/v25/k3kPo8UDI-1M0wlSV9XAw6lQkqWY8Q82sLydOxI.woff2 → 200 (?ms, -815B)
[2026-09-04T09:43:14.529Z] GET http://localhost:8080/data/articles.json → 200 (4ms, -196B)
[2026-09-04T09:43:14.560Z] GET https://picsum.photos/seed/wire1/1200/900 → 200 (?ms, -485B)
[2026-09-04T09:43:14.560Z] GET https://picsum.photos/seed/wire6/1200/900 → 200 (?ms, -485B)
[2026-09-04T09:43:14.561Z] GET https://picsum.photos/seed/wire13/1200/900 → 200 (?ms, -488B)
[2026-09-04T09:43:14.562Z] GET https://picsum.photos/seed/wire19/1200/900 → 200 (1ms, -485B)
[2026-09-04T09:43:14.563Z] GET https://picsum.photos/seed/wire20/1200/900 → 200 (?ms, -480B)
[2026-09-04T09:43:14.563Z] GET https://picsum.photos/seed/wire21/1200/900 → 200 (?ms, -485B)
[2026-09-04T09:43:14.564Z] GET https://picsum.photos/seed/wire22/1200/900 → pending (?ms, ?B)
[2026-09-04T09:43:14.809Z] GET https://fastly.picsum.photos/id/594/1200/900.jpg?hmac=Eh3nG1Ydpb7csSLIAO09ho7kcEF0H-9a2nznH6ayuAg → pending (?ms, ?B)
[2026-09-04T09:43:15.152Z] GET http://localhost:8080/post.html?id=1 → 200 (6ms, 4112B)
[2026-09-04T09:43:15.212Z] GET https://fonts.googleapis.com/css2?family=Anton&family=Archivo:ital,wght@0,400;0,500;0,600;0,700;0,800;1,400&display=swap → 200 (4ms, -743B)
[2026-09-04T09:43:15.217Z] GET http://localhost:8080/styles.css?v=51 → 200 (?ms, -187B)
[2026-09-04T09:43:15.218Z] GET http://localhost:8080/category.css?v=8 → 200 (?ms, -186B)
[2026-09-04T09:43:15.219Z] GET http://localhost:8080/post.css?v=3 → 200 (5ms, 4397B)
[2026-09-04T09:43:15.219Z] GET http://localhost:8080/assets/images/Logo/WFI%20-%20Horz%20Transp%20Black.png → 200 (?ms, -189B)
[2026-09-04T09:43:15.220Z] GET http://localhost:8080/assets/images/Logo/WFI%20-%20Horz%20Transp%20White.png → 200 (?ms, -189B)
[2026-09-04T09:43:15.221Z] GET http://localhost:8080/script.js?v=15 → 200 (?ms, -193B)
[2026-09-04T09:43:15.222Z] GET http://localhost:8080/post.js?v=2 → 200 (10ms, 7574B)
[2026-09-04T09:43:15.233Z] GET http://localhost:8080/data/articles.json → 200 (6ms, -196B)
[2026-09-04T09:43:15.235Z] GET https://fonts.gstatic.com/s/anton/v27/1Ptgg87LROyAm3Kz-C8.woff2 → 200 (?ms, -802B)
[2026-09-04T09:43:15.236Z] GET https://fonts.gstatic.com/s/archivo/v25/k3kPo8UDI-1M0wlSV9XAw6lQkqWY8Q82sLydOxI.woff2 → 200 (?ms, -815B)
[2026-09-04T09:43:15.293Z] GET https://picsum.photos/seed/wire1/1200/900 → 200 (1ms, -485B)
[2026-09-04T09:43:15.294Z] GET https://picsum.photos/seed/wire6/1200/900 → 200 (2ms, -485B)
[2026-09-04T09:43:15.296Z] GET https://picsum.photos/seed/wire13/1200/900 → 200 (?ms, -488B)
[2026-09-04T09:43:15.296Z] GET https://picsum.photos/seed/wire19/1200/900 → 200 (?ms, -485B)
[2026-09-04T09:43:21.121Z] GET http://localhost:8080/category.html?cat=News → 200 (3ms, -187B)
[2026-09-04T09:43:21.140Z] GET https://fonts.googleapis.com/css2?family=Anton&family=Archivo:ital,wght@0,400;0,500;0,600;0,700;0,800;1,400&display=swap → 200 (?ms, -743B)
[2026-09-04T09:43:21.142Z] GET http://localhost:8080/styles.css?v=51 → 200 (?ms, -187B)
[2026-09-04T09:43:21.147Z] GET http://localhost:8080/category.css?v=8 → 200 (?ms, -186B)
[2026-09-04T09:43:21.148Z] GET http://localhost:8080/assets/images/Logo/WFI%20-%20Horz%20Transp%20Black.png → 200 (?ms, -189B)
[2026-09-04T09:43:21.149Z] GET http://localhost:8080/assets/images/Logo/WFI%20-%20Horz%20Transp%20White.png → 200 (?ms, -189B)
[2026-09-04T09:43:21.150Z] GET http://localhost:8080/script.js?v=15 → 200 (?ms, -193B)
[2026-09-04T09:43:21.150Z] GET http://localhost:8080/category.js?v=9 → 200 (1ms, -193B)
[2026-09-04T09:43:21.155Z] GET http://localhost:8080/data/articles.json → 200 (10ms, -196B)
[2026-09-04T09:43:21.162Z] GET https://fonts.gstatic.com/s/anton/v27/1Ptgg87LROyAm3Kz-C8.woff2 → 200 (?ms, -802B)
[2026-09-04T09:43:21.163Z] GET https://fonts.gstatic.com/s/archivo/v25/k3kPo8UDI-1M0wlSV9XAw6lQkqWY8Q82sLydOxI.woff2 → 200 (?ms, -815B)
[2026-09-04T09:43:21.217Z] GET https://picsum.photos/seed/wire1/1200/900 → 200 (?ms, -485B)
[2026-09-04T09:43:21.220Z] GET https://picsum.photos/seed/wire6/1200/900 → 200 (?ms, -485B)
[2026-09-04T09:43:21.220Z] GET https://picsum.photos/seed/wire13/1200/900 → 200 (1ms, -488B)
[2026-09-04T09:43:21.221Z] GET https://picsum.photos/seed/wire19/1200/900 → 200 (?ms, -485B)
[2026-09-04T09:43:21.221Z] GET https://picsum.photos/seed/wire20/1200/900 → 200 (?ms, -480B)
[2026-09-04T09:43:21.222Z] GET https://picsum.photos/seed/wire21/1200/900 → 200 (?ms, -485B)
[2026-09-04T09:43:21.222Z] GET https://picsum.photos/seed/wire22/1200/900 → 302 (2ms, ?B)
[2026-09-04T09:43:21.224Z] GET https://fastly.picsum.photos/id/594/1200/900.jpg?hmac=Eh3nG1Ydpb7csSLIAO09ho7kcEF0H-9a2nznH6ayuAg → 200 (40ms, 70099B)
[2026-09-04T09:43:29.578Z] GET http://localhost:8080/index.html → 200 (4ms, ?B)
[2026-09-04T09:43:29.594Z] GET https://fonts.googleapis.com/css2?family=Anton&family=Archivo:ital,wght@0,400;0,500;0,600;0,700;0,800;1,400&display=swap → 200 (3ms, -743B)
[2026-09-04T09:43:29.598Z] GET http://localhost:8080/styles.css?v=51 → 304 (5ms, ?B)
[2026-09-04T09:43:29.598Z] GET http://localhost:8080/assets/images/Logo/WFI%20-%20Horz%20Transp%20White.png → 200 (?ms, -189B)
[2026-09-04T09:43:29.598Z] GET http://localhost:8080/assets/images/Logo/WFI%20-%20Horz%20Transp%20Black.png → 200 (?ms, -189B)
[2026-09-04T09:43:29.599Z] GET http://localhost:8080/script.js?v=15 → 200 (1ms, -193B)
[2026-09-04T09:43:29.608Z] GET http://localhost:8080/data/articles.json → 200 (8ms, -196B)
[2026-09-04T09:43:29.613Z] GET https://fonts.gstatic.com/s/anton/v27/1Ptgg87LROyAm3Kz-C8.woff2 → 200 (?ms, -802B)
[2026-09-04T09:43:29.613Z] GET https://fonts.gstatic.com/s/archivo/v25/k3kPo8UDI-1M0wlSV9XAw6lQkqWY8Q82sLydOxI.woff2 → 200 (1ms, -815B)
[2026-09-04T09:43:29.666Z] GET https://picsum.photos/seed/wire1/1200/900 → 200 (1ms, -485B)
[2026-09-04T09:43:29.668Z] GET https://picsum.photos/seed/wire6/1200/900 → 200 (?ms, -485B)
[2026-09-04T09:43:29.668Z] GET https://picsum.photos/seed/wire13/1200/900 → 200 (1ms, -488B)
[2026-09-04T09:43:29.674Z] GET https://picsum.photos/seed/wire19/1200/900 → 200 (?ms, -485B)
[2026-09-04T09:43:29.674Z] GET https://picsum.photos/seed/wire20/1200/900 → 200 (?ms, -480B)
[2026-09-04T09:43:29.675Z] GET https://picsum.photos/seed/wire21/1200/900 → 200 (?ms, -485B)
[2026-09-04T09:43:29.675Z] GET https://picsum.photos/seed/wire2/1200/900 → 200 (?ms, -485B)
[2026-09-04T09:43:29.676Z] GET https://picsum.photos/seed/wire10/1200/900 → 200 (?ms, -484B)
[2026-09-04T09:43:29.676Z] GET https://picsum.photos/seed/wire16/1200/900 → 200 (?ms, -484B)
[2026-09-04T09:43:29.676Z] GET https://picsum.photos/seed/wire38/1200/900 → 200 (?ms, -485B)
[2026-09-04T09:43:29.676Z] GET https://picsum.photos/seed/wire39/1200/900 → 200 (?ms, -484B)
[2026-09-04T09:43:29.676Z] GET https://picsum.photos/seed/wire40/1200/900 → 200 (?ms, -485B)
[2026-09-04T09:43:29.677Z] GET https://picsum.photos/seed/wire3/1200/900 → 200 (?ms, -484B)
[2026-09-04T09:43:29.677Z] GET https://picsum.photos/seed/wire15/1200/900 → 200 (8ms, -485B)
[2026-09-04T09:43:29.686Z] GET https://picsum.photos/seed/wire29/1200/900 → 200 (?ms, -486B)
[2026-09-04T09:43:29.686Z] GET https://picsum.photos/seed/wire30/1200/900 → 200 (?ms, -486B)
[2026-09-04T09:43:29.686Z] GET https://picsum.photos/seed/wire31/1200/900 → 200 (?ms, -488B)
[2026-09-04T09:43:29.686Z] GET https://picsum.photos/seed/wire32/1200/900 → 200 (?ms, -485B)
[2026-09-04T09:43:29.686Z] GET https://picsum.photos/seed/wire4/1200/900 → 200 (?ms, -482B)
[2026-09-04T09:43:29.687Z] GET https://picsum.photos/seed/wire5/1200/900 → 200 (?ms, -484B)
[2026-09-04T09:43:29.687Z] GET https://picsum.photos/seed/wire47/1200/900 → 200 (?ms, -485B)
[2026-09-04T09:43:29.687Z] GET https://picsum.photos/seed/wire48/1200/900 → 200 (?ms, -483B)
[2026-09-04T09:43:29.688Z] GET https://picsum.photos/seed/wire49/1200/900 → 200 (?ms, -479B)
[2026-09-04T09:43:29.688Z] GET https://picsum.photos/seed/wire50/1200/900 → 200 (?ms, -484B)
[2026-09-04T09:43:29.689Z] GET https://picsum.photos/seed/wire7/1200/900 → 200 (?ms, -485B)
[2026-09-04T09:43:29.689Z] GET https://picsum.photos/seed/wire8/1200/900 → 200 (?ms, -485B)
[2026-09-04T09:43:29.689Z] GET https://picsum.photos/seed/wire63/1200/900 → 200 (1ms, -487B)
[2026-09-04T09:43:29.690Z] GET https://picsum.photos/seed/wire64/1200/900 → 200 (?ms, -482B)
[2026-09-04T09:43:29.690Z] GET https://picsum.photos/seed/wire65/1200/900 → 200 (1ms, -484B)
[2026-09-04T09:43:29.691Z] GET https://picsum.photos/seed/wire66/1200/900 → 200 (1ms, -484B)
[2026-09-04T09:43:29.693Z] GET https://picsum.photos/seed/wire9/1200/900 → 200 (?ms, -485B)
[2026-09-04T09:43:29.693Z] GET https://picsum.photos/seed/wire17/1200/900 → 200 (?ms, -486B)
[2026-09-04T09:43:29.693Z] GET https://picsum.photos/seed/wire55/1200/900 → 200 (?ms, -484B)
[2026-09-04T09:43:29.694Z] GET https://picsum.photos/seed/wire56/1200/900 → 200 (?ms, -487B)
[2026-09-04T09:43:29.694Z] GET https://picsum.photos/seed/wire57/1200/900 → 200 (?ms, -485B)
[2026-09-04T09:43:29.694Z] GET https://picsum.photos/seed/wire58/1200/900 → 200 (?ms, -483B)
[2026-09-04T09:43:29.694Z] GET https://picsum.photos/seed/wire11/1200/900 → 200 (?ms, -484B)
[2026-09-04T09:43:29.695Z] GET https://picsum.photos/seed/wire18/1200/900 → 200 (?ms, -484B)
[2026-09-04T09:43:29.695Z] GET https://picsum.photos/seed/wire77/1200/900 → 200 (?ms, -485B)
[2026-09-04T09:43:29.695Z] GET https://picsum.photos/seed/wire78/1200/900 → 200 (?ms, -486B)
[2026-09-04T09:43:29.695Z] GET https://picsum.photos/seed/wire79/1200/900 → 200 (?ms, -484B)
[2026-09-04T09:43:29.696Z] GET https://picsum.photos/seed/wire80/1200/900 → 200 (?ms, -484B)
[2026-09-04T09:43:29.701Z] GET https://picsum.photos/seed/wire12/1200/900 → 200 (?ms, -484B)
[2026-09-04T09:43:29.701Z] GET https://picsum.photos/seed/wire14/1200/900 → 200 (?ms, -484B)
[2026-09-04T09:43:29.702Z] GET https://picsum.photos/seed/wire70/1200/900 → 200 (?ms, -484B)
[2026-09-04T09:43:29.702Z] GET https://picsum.photos/seed/wire71/1200/900 → 200 (?ms, -482B)
[2026-09-04T09:43:29.703Z] GET https://picsum.photos/seed/wire72/1200/900 → 200 (?ms, -485B)
[2026-09-04T09:43:29.703Z] GET https://picsum.photos/seed/wire73/1200/900 → 200 (?ms, -484B)
[2026-09-04T09:43:30.579Z] GET http://localhost:8080/index.html → 200 (3ms, -187B)
[2026-09-04T09:43:30.600Z] GET https://fonts.googleapis.com/css2?family=Anton&family=Archivo:ital,wght@0,400;0,500;0,600;0,700;0,800;1,400&display=swap → 200 (?ms, -743B)
[2026-09-04T09:43:30.603Z] GET http://localhost:8080/styles.css?v=51 → 200 (?ms, -187B)
[2026-09-04T09:43:30.604Z] GET http://localhost:8080/assets/images/Logo/WFI%20-%20Horz%20Transp%20White.png → 200 (?ms, -189B)
[2026-09-04T09:43:30.605Z] GET http://localhost:8080/assets/images/Logo/WFI%20-%20Horz%20Transp%20Black.png → 200 (?ms, -189B)
[2026-09-04T09:43:30.606Z] GET http://localhost:8080/script.js?v=15 → 200 (?ms, -193B)
[2026-09-04T09:43:30.611Z] GET http://localhost:8080/data/articles.json → 200 (9ms, -196B)
[2026-09-04T09:43:30.615Z] GET https://fonts.gstatic.com/s/anton/v27/1Ptgg87LROyAm3Kz-C8.woff2 → 200 (?ms, -802B)
[2026-09-04T09:43:30.616Z] GET https://fonts.gstatic.com/s/archivo/v25/k3kPo8UDI-1M0wlSV9XAw6lQkqWY8Q82sLydOxI.woff2 → 200 (?ms, -815B)
[2026-09-04T09:43:30.678Z] GET https://picsum.photos/seed/wire1/1200/900 → 200 (?ms, -485B)
[2026-09-04T09:43:30.678Z] GET https://picsum.photos/seed/wire6/1200/900 → 200 (3ms, -485B)
[2026-09-04T09:43:30.681Z] GET https://picsum.photos/seed/wire13/1200/900 → 200 (?ms, -488B)
[2026-09-04T09:43:30.682Z] GET https://picsum.photos/seed/wire19/1200/900 → 200 (?ms, -485B)
[2026-09-04T09:43:30.682Z] GET https://picsum.photos/seed/wire20/1200/900 → 200 (?ms, -480B)
[2026-09-04T09:43:30.682Z] GET https://picsum.photos/seed/wire21/1200/900 → 200 (11ms, -485B)
[2026-09-04T09:43:30.693Z] GET https://picsum.photos/seed/wire2/1200/900 → 200 (?ms, -485B)
[2026-09-04T09:43:30.694Z] GET https://picsum.photos/seed/wire10/1200/900 → 200 (?ms, -484B)
[2026-09-04T09:43:30.694Z] GET https://picsum.photos/seed/wire16/1200/900 → 200 (?ms, -484B)
[2026-09-04T09:43:30.694Z] GET https://picsum.photos/seed/wire38/1200/900 → 200 (?ms, -485B)
[2026-09-04T09:43:30.695Z] GET https://picsum.photos/seed/wire39/1200/900 → 200 (?ms, -484B)
[2026-09-04T09:43:30.695Z] GET https://picsum.photos/seed/wire40/1200/900 → 200 (?ms, -485B)
[2026-09-04T09:43:30.696Z] GET https://picsum.photos/seed/wire3/1200/900 → 200 (?ms, -484B)
[2026-09-04T09:43:30.696Z] GET https://picsum.photos/seed/wire15/1200/900 → 200 (?ms, -485B)
[2026-09-04T09:43:30.696Z] GET https://picsum.photos/seed/wire29/1200/900 → 200 (?ms, -486B)
[2026-09-04T09:43:30.697Z] GET https://picsum.photos/seed/wire30/1200/900 → 200 (?ms, -486B)
[2026-09-04T09:43:30.697Z] GET https://picsum.photos/seed/wire31/1200/900 → 200 (?ms, -488B)
[2026-09-04T09:43:30.697Z] GET https://picsum.photos/seed/wire32/1200/900 → 200 (?ms, -485B)
[2026-09-04T09:43:30.698Z] GET https://picsum.photos/seed/wire4/1200/900 → 200 (?ms, -482B)
[2026-09-04T09:43:30.698Z] GET https://picsum.photos/seed/wire5/1200/900 → 200 (?ms, -484B)
[2026-09-04T09:43:30.698Z] GET https://picsum.photos/seed/wire47/1200/900 → 200 (?ms, -485B)
[2026-09-04T09:43:30.699Z] GET https://picsum.photos/seed/wire48/1200/900 → 200 (?ms, -483B)
[2026-09-04T09:43:30.699Z] GET https://picsum.photos/seed/wire49/1200/900 → 200 (?ms, -479B)
[2026-09-04T09:43:30.699Z] GET https://picsum.photos/seed/wire50/1200/900 → 200 (?ms, -484B)
[2026-09-04T09:43:30.700Z] GET https://picsum.photos/seed/wire7/1200/900 → 200 (?ms, -485B)
[2026-09-04T09:43:30.700Z] GET https://picsum.photos/seed/wire8/1200/900 → 200 (?ms, -485B)
[2026-09-04T09:43:30.700Z] GET https://picsum.photos/seed/wire63/1200/900 → 200 (?ms, -487B)
[2026-09-04T09:43:30.701Z] GET https://picsum.photos/seed/wire64/1200/900 → 200 (?ms, -482B)
[2026-09-04T09:43:30.701Z] GET https://picsum.photos/seed/wire65/1200/900 → 200 (?ms, -484B)
[2026-09-04T09:43:30.701Z] GET https://picsum.photos/seed/wire66/1200/900 → 200 (?ms, -484B)
[2026-09-04T09:43:30.702Z] GET https://picsum.photos/seed/wire9/1200/900 → 200 (?ms, -485B)
[2026-09-04T09:43:30.702Z] GET https://picsum.photos/seed/wire17/1200/900 → 200 (?ms, -486B)
[2026-09-04T09:43:30.703Z] GET https://picsum.photos/seed/wire55/1200/900 → 200 (?ms, -484B)
[2026-09-04T09:43:30.703Z] GET https://picsum.photos/seed/wire56/1200/900 → 200 (8ms, -487B)
[2026-09-04T09:43:30.712Z] GET https://picsum.photos/seed/wire57/1200/900 → 200 (?ms, -485B)
[2026-09-04T09:43:30.712Z] GET https://picsum.photos/seed/wire58/1200/900 → 200 (?ms, -483B)
[2026-09-04T09:43:30.713Z] GET https://picsum.photos/seed/wire11/1200/900 → 200 (?ms, -484B)
[2026-09-04T09:43:30.713Z] GET https://picsum.photos/seed/wire18/1200/900 → 200 (?ms, -484B)
[2026-09-04T09:43:30.714Z] GET https://picsum.photos/seed/wire77/1200/900 → 200 (?ms, -485B)
[2026-09-04T09:43:30.714Z] GET https://picsum.photos/seed/wire78/1200/900 → 200 (?ms, -486B)
[2026-09-04T09:43:30.715Z] GET https://picsum.photos/seed/wire79/1200/900 → 200 (?ms, -484B)
[2026-09-04T09:43:30.715Z] GET https://picsum.photos/seed/wire80/1200/900 → 200 (?ms, -484B)
[2026-09-04T09:43:30.715Z] GET https://picsum.photos/seed/wire12/1200/900 → 200 (1ms, -484B)
[2026-09-04T09:43:30.716Z] GET https://picsum.photos/seed/wire14/1200/900 → 200 (?ms, -484B)
[2026-09-04T09:43:30.716Z] GET https://picsum.photos/seed/wire70/1200/900 → 200 (?ms, -484B)
[2026-09-04T09:43:30.717Z] GET https://picsum.photos/seed/wire71/1200/900 → 200 (?ms, -482B)
[2026-09-04T09:43:30.717Z] GET https://picsum.photos/seed/wire72/1200/900 → 200 (?ms, -485B)
[2026-09-04T09:43:30.718Z] GET https://picsum.photos/seed/wire73/1200/900 → 200 (?ms, -484B)
[2026-09-04T09:43:38.639Z] GET http://localhost:8080/index.html → 200 (4ms, -187B)
[2026-09-04T09:43:38.658Z] GET https://fonts.googleapis.com/css2?family=Anton&family=Archivo:ital,wght@0,400;0,500;0,600;0,700;0,800;1,400&display=swap → 200 (2ms, -743B)
[2026-09-04T09:43:38.661Z] GET http://localhost:8080/styles.css?v=51 → 200 (?ms, -187B)
[2026-09-04T09:43:38.662Z] GET http://localhost:8080/assets/images/Logo/WFI%20-%20Horz%20Transp%20White.png → 200 (?ms, -189B)
[2026-09-04T09:43:38.663Z] GET http://localhost:8080/assets/images/Logo/WFI%20-%20Horz%20Transp%20Black.png → 200 (?ms, -189B)
[2026-09-04T09:43:38.664Z] GET http://localhost:8080/script.js?v=15 → 304 (2ms, ?B)
[2026-09-04T09:43:38.668Z] GET http://localhost:8080/data/articles.json → 200 (9ms, -196B)
[2026-09-04T09:43:38.672Z] GET https://fonts.gstatic.com/s/anton/v27/1Ptgg87LROyAm3Kz-C8.woff2 → 200 (?ms, -802B)
[2026-09-04T09:43:38.673Z] GET https://fonts.gstatic.com/s/archivo/v25/k3kPo8UDI-1M0wlSV9XAw6lQkqWY8Q82sLydOxI.woff2 → 200 (?ms, -815B)
[2026-09-04T09:43:38.759Z] GET https://picsum.photos/seed/wire1/1200/900 → 200 (2ms, -485B)
[2026-09-04T09:43:38.762Z] GET https://picsum.photos/seed/wire6/1200/900 → 200 (?ms, -485B)
[2026-09-04T09:43:38.771Z] GET https://picsum.photos/seed/wire13/1200/900 → 200 (?ms, -488B)
[2026-09-04T09:43:38.772Z] GET https://picsum.photos/seed/wire19/1200/900 → 200 (?ms, -485B)
[2026-09-04T09:43:38.772Z] GET https://picsum.photos/seed/wire20/1200/900 → 200 (?ms, -480B)
[2026-09-04T09:43:38.772Z] GET https://picsum.photos/seed/wire21/1200/900 → 200 (?ms, -485B)
[2026-09-04T09:43:38.773Z] GET https://picsum.photos/seed/wire2/1200/900 → 200 (?ms, -485B)
[2026-09-04T09:43:38.773Z] GET https://picsum.photos/seed/wire10/1200/900 → 200 (?ms, -484B)
[2026-09-04T09:43:38.774Z] GET https://picsum.photos/seed/wire16/1200/900 → 200 (?ms, -484B)
[2026-09-04T09:43:38.774Z] GET https://picsum.photos/seed/wire38/1200/900 → 200 (?ms, -485B)
[2026-09-04T09:43:38.774Z] GET https://picsum.photos/seed/wire39/1200/900 → 200 (1ms, -484B)
[2026-09-04T09:43:38.775Z] GET https://picsum.photos/seed/wire40/1200/900 → 200 (?ms, -485B)
[2026-09-04T09:43:38.775Z] GET https://picsum.photos/seed/wire3/1200/900 → 200 (?ms, -484B)
[2026-09-04T09:43:38.775Z] GET https://picsum.photos/seed/wire15/1200/900 → 200 (1ms, -485B)
[2026-09-04T09:43:38.776Z] GET https://picsum.photos/seed/wire29/1200/900 → 200 (?ms, -486B)
[2026-09-04T09:43:38.776Z] GET https://picsum.photos/seed/wire30/1200/900 → 200 (?ms, -486B)
[2026-09-04T09:43:38.777Z] GET https://picsum.photos/seed/wire31/1200/900 → 200 (?ms, -488B)
[2026-09-04T09:43:38.777Z] GET https://picsum.photos/seed/wire32/1200/900 → 200 (?ms, -485B)
[2026-09-04T09:43:38.778Z] GET https://picsum.photos/seed/wire4/1200/900 → 200 (?ms, -482B)
[2026-09-04T09:43:38.778Z] GET https://picsum.photos/seed/wire5/1200/900 → 200 (14ms, -484B)
[2026-09-04T09:43:38.793Z] GET https://picsum.photos/seed/wire47/1200/900 → 200 (?ms, -485B)
[2026-09-04T09:43:38.793Z] GET https://picsum.photos/seed/wire48/1200/900 → 200 (?ms, -483B)
[2026-09-04T09:43:38.794Z] GET https://picsum.photos/seed/wire49/1200/900 → 200 (?ms, -479B)
[2026-09-04T09:43:38.795Z] GET https://picsum.photos/seed/wire50/1200/900 → 200 (?ms, -484B)
[2026-09-04T09:43:38.796Z] GET https://picsum.photos/seed/wire7/1200/900 → 200 (?ms, -485B)
[2026-09-04T09:43:38.796Z] GET https://picsum.photos/seed/wire8/1200/900 → 200 (1ms, -485B)
[2026-09-04T09:43:38.797Z] GET https://picsum.photos/seed/wire63/1200/900 → 200 (?ms, -487B)
[2026-09-04T09:43:38.798Z] GET https://picsum.photos/seed/wire64/1200/900 → 200 (?ms, -482B)
[2026-09-04T09:43:38.799Z] GET https://picsum.photos/seed/wire65/1200/900 → 200 (?ms, -484B)
[2026-09-04T09:43:38.799Z] GET https://picsum.photos/seed/wire66/1200/900 → 200 (?ms, -484B)
[2026-09-04T09:43:38.800Z] GET https://picsum.photos/seed/wire9/1200/900 → 200 (?ms, -485B)
[2026-09-04T09:43:38.801Z] GET https://picsum.photos/seed/wire17/1200/900 → 200 (?ms, -486B)
[2026-09-04T09:43:38.801Z] GET https://picsum.photos/seed/wire55/1200/900 → 200 (?ms, -484B)
[2026-09-04T09:43:38.802Z] GET https://picsum.photos/seed/wire56/1200/900 → 200 (?ms, -487B)
[2026-09-04T09:43:38.802Z] GET https://picsum.photos/seed/wire57/1200/900 → 200 (?ms, -485B)
[2026-09-04T09:43:38.803Z] GET https://picsum.photos/seed/wire58/1200/900 → 200 (?ms, -483B)
[2026-09-04T09:43:38.803Z] GET https://picsum.photos/seed/wire11/1200/900 → 200 (?ms, -484B)
[2026-09-04T09:43:38.803Z] GET https://picsum.photos/seed/wire18/1200/900 → 200 (?ms, -484B)
[2026-09-04T09:43:38.804Z] GET https://picsum.photos/seed/wire77/1200/900 → 200 (?ms, -485B)
[2026-09-04T09:43:38.804Z] GET https://picsum.photos/seed/wire78/1200/900 → 200 (?ms, -486B)
[2026-09-04T09:43:38.805Z] GET https://picsum.photos/seed/wire79/1200/900 → 200 (?ms, -484B)
[2026-09-04T09:43:38.805Z] GET https://picsum.photos/seed/wire80/1200/900 → 200 (?ms, -484B)
[2026-09-04T09:43:38.806Z] GET https://picsum.photos/seed/wire12/1200/900 → 200 (3ms, -484B)
[2026-09-04T09:43:38.810Z] GET https://picsum.photos/seed/wire14/1200/900 → 200 (?ms, -484B)
[2026-09-04T09:43:38.811Z] GET https://picsum.photos/seed/wire70/1200/900 → 200 (?ms, -484B)
[2026-09-04T09:43:38.817Z] GET https://picsum.photos/seed/wire71/1200/900 → 200 (?ms, -482B)
[2026-09-04T09:43:38.818Z] GET https://picsum.photos/seed/wire72/1200/900 → 200 (?ms, -485B)
[2026-09-04T09:43:38.818Z] GET https://picsum.photos/seed/wire73/1200/900 → 200 (?ms, -484B)
