[2026-09-03T04:48:43.679Z] GET http://localhost:8080/index.html → 200 (14ms, 4395B)
[2026-09-03T04:48:43.711Z] GET https://fonts.googleapis.com/css2?family=Anton&family=Archivo:ital,wght@0,400;0,500;0,600;0,700;0,800;1,400&display=swap → pending (?ms, ?B)
[2026-09-03T04:48:43.715Z] GET http://localhost:8080/styles.css → 200 (5ms, 9542B)
[2026-09-03T04:48:43.715Z] GET http://localhost:8080/assets/images/Logo/WFI%20-%20Horz%20Transp%20White.png → 200 (10ms, 170417B)
[2026-09-03T04:48:43.715Z] GET http://localhost:8080/assets/images/Logo/WFI%20-%20Horz%20Transp%20Black.png → 200 (12ms, ?B)
[2026-09-03T04:48:43.715Z] GET http://localhost:8080/script.js → 200 (19ms, ?B)
[2026-09-03T04:48:46.579Z] GET http://localhost:8080/data/articles.json → 200 (156ms, 7593B)
[2026-09-03T04:48:46.733Z] GET https://fonts.gstatic.com/s/archivo/v25/k3kPo8UDI-1M0wlSV9XAw6lQkqWY8Q82sLydOxI.woff2 → pending (?ms, ?B)
[2026-09-03T04:48:46.733Z] GET https://fonts.gstatic.com/s/anton/v27/1Ptgg87LROyAm3Kz-C8.woff2 → pending (?ms, ?B)
[2026-09-03T04:48:46.870Z] GET https://picsum.photos/seed/wire1/1200/900 → 302 (320ms, ?B)
[2026-09-03T04:48:46.870Z] GET https://picsum.photos/seed/wire2/1200/900 → 302 (326ms, ?B)
[2026-09-03T04:48:46.870Z] GET https://picsum.photos/seed/wire3/1200/900 → 302 (321ms, ?B)
[2026-09-03T04:48:46.872Z] GET https://picsum.photos/seed/wire4/1200/900 → 302 (322ms, ?B)
[2026-09-03T04:48:46.872Z] GET https://picsum.photos/seed/wire5/1200/900 → 302 (280ms, ?B)
[2026-09-03T04:48:46.872Z] GET https://picsum.photos/seed/wire6/1200/900 → 302 (307ms, ?B)
[2026-09-03T04:48:46.872Z] GET https://picsum.photos/seed/wire7/1200/900 → 302 (323ms, ?B)
[2026-09-03T04:48:46.872Z] GET https://picsum.photos/seed/wire8/1200/900 → 302 (366ms, ?B)
[2026-09-03T04:48:46.872Z] GET https://picsum.photos/seed/wire9/1200/900 → 302 (374ms, ?B)
[2026-09-03T04:48:47.153Z] GET https://fastly.picsum.photos/id/672/1200/900.jpg?hmac=7j4BMlg3Kwl2yUHkz2hjUXUqhBLcnMCZR9P-Q6tWpD4 → 200 (310ms, 106199B)
[2026-09-03T04:48:47.180Z] GET https://fastly.picsum.photos/id/433/1200/900.jpg?hmac=fMSPzcy21aW05Ymt29cPxcyTNMvMjvmbbShlvR96XlA → 200 (354ms, ?B)
[2026-09-03T04:48:47.191Z] GET https://fastly.picsum.photos/id/127/1200/900.jpg?hmac=XrjdQI8itPZiXzIMe7quAdeuHcIodxdmc_AiMvzY6_s → 200 (233ms, 224040B)
[2026-09-03T04:48:47.191Z] GET https://fastly.picsum.photos/id/218/1200/900.jpg?hmac=I8wtb63NZY6Kd8gvcbYnAM0JYmRTxDj4eKkqObdcLpI → 200 (344ms, ?B)
[2026-09-03T04:48:47.194Z] GET https://fastly.picsum.photos/id/44/1200/900.jpg?hmac=wzRcH15Xo5h8uCkNhZ03yfukW5wnZPJiv92SgHmRfe0 → pending (?ms, ?B)
[2026-09-03T04:48:47.195Z] GET https://fastly.picsum.photos/id/996/1200/900.jpg?hmac=-4bdOtR_K6j7jjtCpGUkgpQs1H8eXkcOxtTzi1arGYw → 200 (198ms, 67416B)
[2026-09-03T04:48:47.197Z] GET https://fastly.picsum.photos/id/785/1200/900.jpg?hmac=9HNxmndRBb7NLtUkbniKHVC5CjkXqn7Fj9JzWJ60968 → 200 (519ms, ?B)
[2026-09-03T04:48:47.239Z] GET https://fastly.picsum.photos/id/413/1200/900.jpg?hmac=yXfIWzk-9SqW27CqNnYfz2LvYVoJlbm2POmkGHvJLyU → 200 (422ms, ?B)
[2026-09-03T04:48:47.247Z] GET https://fastly.picsum.photos/id/494/1200/900.jpg?hmac=Krsr7JBUME83qr6j1_CqRuoCcuCvikHlBvU7SIXWDLM → 200 (215ms, 97290B)
